2026-01-17T00:13:09.049+03:00  INFO 8624 --- [sysprogr] [http-nio-8080-exec-8] Request                                  : [32mUser: anonymousUser requested URL: /api/auth/login [POST][0m
2026-01-17T00:13:09.063+03:00  INFO 8624 --- [sysprogr] [http-nio-8080-exec-8] c.e.d.c.AuthenticationController         : Попытка входа пользователя username=admin1
2026-01-17T00:13:09.248+03:00  INFO 8624 --- [sysprogr] [http-nio-8080-exec-8] AuthenticationSuccessEvent               : [35mUser [admin1] logged successfully[0m
2026-01-17T00:13:09.272+03:00  INFO 8624 --- [sysprogr] [http-nio-8080-exec-8] c.e.d.c.AuthenticationController         : Успешный вход пользователя username=admin1, roles=ADMIN
2026-01-17T00:13:09.284+03:00  INFO 8624 --- [sysprogr] [http-nio-8080-exec-8] Response                                 : [32mUser: admin1 completed URL: /api/auth/login [POST] in 235 ms[0m
2026-01-17T00:13:09.321+03:00  INFO 8624 --- [sysprogr] [http-nio-8080-exec-9] Request                                  : [34mUser: admin1 requested URL: /api/auth/me [GET][0m
2026-01-17T00:13:09.329+03:00  WARN 8624 --- [sysprogr] [http-nio-8080-exec-9] .m.m.a.ExceptionHandlerExceptionResolver : Resolved [org.springframework.web.servlet.resource.NoResourceFoundException: No static resource api/auth/me.]
2026-01-17T00:13:35.258+03:00  INFO 8624 --- [sysprogr] [http-nio-8080-exec-10] Request                                  : [34mUser: admin1 requested URL: / [GET][0m
2026-01-17T00:13:35.259+03:00  INFO 8624 --- [sysprogr] [http-nio-8080-exec-10] Response                                 : [34mUser: admin1 completed URL: / [GET] in 1 ms[0m
2026-01-17T00:13:35.263+03:00  INFO 8624 --- [sysprogr] [http-nio-8080-exec-10] Request                                  : [34mUser: admin1 requested URL: /index.html [GET][0m
2026-01-17T00:13:35.267+03:00  INFO 8624 --- [sysprogr] [http-nio-8080-exec-10] Response                                 : [34mUser: admin1 completed URL: /index.html [GET] in 4 ms[0m
2026-01-17T00:13:35.668+03:00  INFO 8624 --- [sysprogr] [http-nio-8080-exec-2] Request                                  : [34mUser: admin1 requested URL: /api/auth/me [GET][0m
2026-01-17T00:13:35.673+03:00  WARN 8624 --- [sysprogr] [http-nio-8080-exec-2] .m.m.a.ExceptionHandlerExceptionResolver : Resolved [org.springframework.web.servlet.resource.NoResourceFoundException: No static resource api/auth/me.]
2026-01-17T00:13:35.832+03:00  INFO 8624 --- [sysprogr] [http-nio-8080-exec-5] Request                                  : [34mUser: admin1 requested URL: /favicon.ico [GET][0m
2026-01-17T00:13:35.843+03:00  WARN 8624 --- [sysprogr] [http-nio-8080-exec-5] .m.m.a.ExceptionHandlerExceptionResolver : Resolved [org.springframework.web.servlet.resource.NoResourceFoundException: No static resource favicon.ico.]
2026-01-17T00:23:31.956+03:00  INFO 8624 --- [sysprogr] [http-nio-8080-exec-7] Request                                  : [34mUser: anonymousUser requested URL: / [GET][0m
2026-01-17T00:23:31.957+03:00  INFO 8624 --- [sysprogr] [http-nio-8080-exec-7] Response                                 : [34mUser: anonymousUser completed URL: / [GET] in 1 ms[0m
2026-01-17T00:23:31.958+03:00  INFO 8624 --- [sysprogr] [http-nio-8080-exec-7] Request                                  : [34mUser: anonymousUser requested URL: /index.html [GET][0m
2026-01-17T00:23:31.961+03:00  INFO 8624 --- [sysprogr] [http-nio-8080-exec-7] Response                                 : [34mUser: anonymousUser completed URL: /index.html [GET] in 3 ms[0m
2026-01-17T00:23:35.239+03:00  INFO 8624 --- [sysprogr] [http-nio-8080-exec-3] Request                                  : [32mUser: anonymousUser requested URL: /api/auth/login [POST][0m
2026-01-17T00:23:35.240+03:00  INFO 8624 --- [sysprogr] [http-nio-8080-exec-3] c.e.d.c.AuthenticationController         : Попытка входа пользователя username=admin1
2026-01-17T00:23:35.321+03:00  INFO 8624 --- [sysprogr] [http-nio-8080-exec-3] AuthenticationSuccessEvent               : [35mUser [admin1] logged successfully[0m
2026-01-17T00:23:35.330+03:00  INFO 8624 --- [sysprogr] [http-nio-8080-exec-3] c.e.d.c.AuthenticationController         : Успешный вход пользователя username=admin1, roles=ADMIN
2026-01-17T00:23:35.331+03:00  INFO 8624 --- [sysprogr] [http-nio-8080-exec-3] Response                                 : [32mUser: admin1 completed URL: /api/auth/login [POST] in 92 ms[0m
2026-01-17T00:23:35.345+03:00  INFO 8624 --- [sysprogr] [http-nio-8080-exec-2] Request                                  : [34mUser: admin1 requested URL: /api/auth/info [GET][0m
2026-01-17T00:23:35.346+03:00  INFO 8624 --- [sysprogr] [http-nio-8080-exec-2] c.e.d.c.AuthenticationController         : Запрос информации о текущем пользователе
2026-01-17T00:23:35.352+03:00  INFO 8624 --- [sysprogr] [http-nio-8080-exec-2] c.e.d.c.AuthenticationController         : Информация о пользователе получена: username=admin1, role=ADMIN
2026-01-17T00:23:35.356+03:00  INFO 8624 --- [sysprogr] [http-nio-8080-exec-2] Response                                 : [34mUser: admin1 completed URL: /api/auth/info [GET] in 11 ms[0m
2026-01-17T00:23:35.367+03:00  INFO 8624 --- [sysprogr] [http-nio-8080-exec-5] Request                                  : [34mUser: admin1 requested URL: /api/buses [GET][0m
2026-01-17T00:23:35.370+03:00  WARN 8624 --- [sysprogr] [http-nio-8080-exec-5] .m.m.a.ExceptionHandlerExceptionResolver : Resolved [org.springframework.security.authorization.AuthorizationDeniedException: Access Denied]
2026-01-17T00:23:35.380+03:00  INFO 8624 --- [sysprogr] [http-nio-8080-exec-6] Request                                  : [34mUser: admin1 requested URL: /api/sensors [GET][0m
2026-01-17T00:23:35.386+03:00  INFO 8624 --- [sysprogr] [http-nio-8080-exec-6] c.e.demo.controller.SensorController     : Запрос всех данных датчиков: page=0, size=20, type=null
2026-01-17T00:23:35.396+03:00  INFO 8624 --- [sysprogr] [http-nio-8080-exec-6] c.e.demo.controller.SensorController     : Получено записей датчиков: 12
2026-01-17T00:23:35.398+03:00  INFO 8624 --- [sysprogr] [http-nio-8080-exec-6] Response                                 : [34mUser: admin1 completed URL: /api/sensors [GET] in 18 ms[0m
2026-01-17T00:23:35.410+03:00  INFO 8624 --- [sysprogr] [http-nio-8080-exec-7] Request                                  : [34mUser: admin1 requested URL: /api/buses [GET][0m
2026-01-17T00:23:35.411+03:00  WARN 8624 --- [sysprogr] [http-nio-8080-exec-7] .m.m.a.ExceptionHandlerExceptionResolver : Resolved [org.springframework.security.authorization.AuthorizationDeniedException: Access Denied]
2026-01-17T00:23:35.421+03:00  INFO 8624 --- [sysprogr] [http-nio-8080-exec-9] Request                                  : [34mUser: admin1 requested URL: /api/sensors [GET][0m
2026-01-17T00:23:35.422+03:00  INFO 8624 --- [sysprogr] [http-nio-8080-exec-9] c.e.demo.controller.SensorController     : Запрос всех данных датчиков: page=0, size=20, type=null
2026-01-17T00:23:35.426+03:00  INFO 8624 --- [sysprogr] [http-nio-8080-exec-9] c.e.demo.controller.SensorController     : Получено записей датчиков: 12
2026-01-17T00:23:35.428+03:00  INFO 8624 --- [sysprogr] [http-nio-8080-exec-9] Response                                 : [34mUser: admin1 completed URL: /api/sensors [GET] in 7 ms[0m
2026-01-17T00:24:52.530+03:00  INFO 8624 --- [sysprogr] [http-nio-8080-exec-1] Request                                  : [34mUser: admin1 requested URL: /.well-known/appspecific/com.chrome.devtools.json [GET][0m
2026-01-17T00:24:52.533+03:00  WARN 8624 --- [sysprogr] [http-nio-8080-exec-1] .m.m.a.ExceptionHandlerExceptionResolver : Resolved [org.springframework.web.servlet.resource.NoResourceFoundException: No static resource .well-known/appspecific/com.chrome.devtools.json.]
2026-01-17T00:29:07.435+03:00  INFO 8624 --- [sysprogr] [http-nio-8080-exec-4] Request                                  : [34mUser: anonymousUser requested URL: / [GET][0m
2026-01-17T00:29:07.435+03:00  INFO 8624 --- [sysprogr] [http-nio-8080-exec-4] Response                                 : [34mUser: anonymousUser completed URL: / [GET] in 0 ms[0m
2026-01-17T00:29:07.438+03:00  INFO 8624 --- [sysprogr] [http-nio-8080-exec-4] Request                                  : [34mUser: anonymousUser requested URL: /index.html [GET][0m
2026-01-17T00:29:07.441+03:00  INFO 8624 --- [sysprogr] [http-nio-8080-exec-4] Response                                 : [34mUser: anonymousUser completed URL: /index.html [GET] in 3 ms[0m
2026-01-17T00:29:13.066+03:00  INFO 8624 --- [sysprogr] [http-nio-8080-exec-8] Request                                  : [32mUser: anonymousUser requested URL: /api/auth/login [POST][0m
2026-01-17T00:29:13.068+03:00  INFO 8624 --- [sysprogr] [http-nio-8080-exec-8] c.e.d.c.AuthenticationController         : Попытка входа пользователя username=admin1
2026-01-17T00:29:13.143+03:00  INFO 8624 --- [sysprogr] [http-nio-8080-exec-8] AuthenticationSuccessEvent               : [35mUser [admin1] logged successfully[0m
2026-01-17T00:29:13.150+03:00  INFO 8624 --- [sysprogr] [http-nio-8080-exec-8] c.e.d.c.AuthenticationController         : Успешный вход пользователя username=admin1, roles=ADMIN
2026-01-17T00:29:13.152+03:00  INFO 8624 --- [sysprogr] [http-nio-8080-exec-8] Response                                 : [32mUser: admin1 completed URL: /api/auth/login [POST] in 85 ms[0m
2026-01-17T00:29:13.164+03:00  INFO 8624 --- [sysprogr] [http-nio-8080-exec-10] Request                                  : [34mUser: admin1 requested URL: /api/auth/info [GET][0m
2026-01-17T00:29:13.165+03:00  INFO 8624 --- [sysprogr] [http-nio-8080-exec-10] c.e.d.c.AuthenticationController         : Запрос информации о текущем пользователе
2026-01-17T00:29:13.170+03:00  INFO 8624 --- [sysprogr] [http-nio-8080-exec-10] c.e.d.c.AuthenticationController         : Информация о пользователе получена: username=admin1, role=ADMIN
2026-01-17T00:29:13.171+03:00  INFO 8624 --- [sysprogr] [http-nio-8080-exec-10] Response                                 : [34mUser: admin1 completed URL: /api/auth/info [GET] in 7 ms[0m
2026-01-17T00:29:13.184+03:00  INFO 8624 --- [sysprogr] [http-nio-8080-exec-1] Request                                  : [34mUser: admin1 requested URL: /api/buses [GET][0m
2026-01-17T00:29:13.188+03:00  WARN 8624 --- [sysprogr] [http-nio-8080-exec-1] .m.m.a.ExceptionHandlerExceptionResolver : Resolved [org.springframework.security.authorization.AuthorizationDeniedException: Access Denied]
2026-01-17T00:29:13.201+03:00  INFO 8624 --- [sysprogr] [http-nio-8080-exec-4] Request                                  : [34mUser: admin1 requested URL: /api/sensors [GET][0m
2026-01-17T00:29:13.202+03:00  INFO 8624 --- [sysprogr] [http-nio-8080-exec-4] c.e.demo.controller.SensorController     : Запрос всех данных датчиков: page=0, size=20, type=null
2026-01-17T00:29:13.205+03:00  INFO 8624 --- [sysprogr] [http-nio-8080-exec-4] c.e.demo.controller.SensorController     : Получено записей датчиков: 12
2026-01-17T00:29:13.207+03:00  INFO 8624 --- [sysprogr] [http-nio-8080-exec-4] Response                                 : [34mUser: admin1 completed URL: /api/sensors [GET] in 5 ms[0m
2026-01-17T00:29:13.218+03:00  INFO 8624 --- [sysprogr] [http-nio-8080-exec-5] Request                                  : [34mUser: admin1 requested URL: /api/buses [GET][0m
2026-01-17T00:29:13.220+03:00  WARN 8624 --- [sysprogr] [http-nio-8080-exec-5] .m.m.a.ExceptionHandlerExceptionResolver : Resolved [org.springframework.security.authorization.AuthorizationDeniedException: Access Denied]
2026-01-17T00:29:13.231+03:00  INFO 8624 --- [sysprogr] [http-nio-8080-exec-2] Request                                  : [34mUser: admin1 requested URL: /api/sensors [GET][0m
2026-01-17T00:29:13.232+03:00  INFO 8624 --- [sysprogr] [http-nio-8080-exec-2] c.e.demo.controller.SensorController     : Запрос всех данных датчиков: page=0, size=20, type=null
2026-01-17T00:29:13.236+03:00  INFO 8624 --- [sysprogr] [http-nio-8080-exec-2] c.e.demo.controller.SensorController     : Получено записей датчиков: 12
2026-01-17T00:29:13.237+03:00  INFO 8624 --- [sysprogr] [http-nio-8080-exec-2] Response                                 : [34mUser: admin1 completed URL: /api/sensors [GET] in 6 ms[0m
2026-01-17T00:35:17.583+03:00  INFO 8624 --- [sysprogr] [File Watcher] rtingClassPathChangeChangedEventListener : Restarting due to 5 class path changes (0 additions, 0 deletions, 5 modifications)
2026-01-17T00:35:17.584+03:00  INFO 8624 --- [sysprogr] [Thread-7] o.s.b.w.e.tomcat.GracefulShutdown        : Commencing graceful shutdown. Waiting for active requests to complete
2026-01-17T00:35:17.921+03:00  INFO 8624 --- [sysprogr] [tomcat-shutdown] o.s.b.w.e.tomcat.GracefulShutdown        : Graceful shutdown complete
2026-01-17T00:35:17.924+03:00  INFO 8624 --- [sysprogr] [Thread-7] j.LocalContainerEntityManagerFactoryBean : Closing JPA EntityManagerFactory for persistence unit 'default'
2026-01-17T00:35:17.924+03:00  INFO 8624 --- [sysprogr] [Thread-7] com.zaxxer.hikari.HikariDataSource       : HikariPool-2 - Shutdown initiated...
2026-01-17T00:35:17.928+03:00  INFO 8624 --- [sysprogr] [Thread-7] com.zaxxer.hikari.HikariDataSource       : HikariPool-2 - Shutdown completed.
2026-01-17T00:35:18.024+03:00  INFO 8624 --- [sysprogr] [restartedMain] com.example.demo.DemoApplication         : Starting DemoApplication v1.0.0 using Java 17.0.16 with PID 8624 (C:\Users\ramis\Desktop\1\учеба\sysprogr-main\target\classes started by ramis in C:\Users\ramis\Desktop\1\учеба\sysprogr-main)
2026-01-17T00:35:18.025+03:00  INFO 8624 --- [sysprogr] [restartedMain] com.example.demo.DemoApplication         : The following 1 profile is active: "dev"
2026-01-17T00:35:18.251+03:00  INFO 8624 --- [sysprogr] [restartedMain] .s.d.r.c.RepositoryConfigurationDelegate : Bootstrapping Spring Data JPA repositories in DEFAULT mode.
2026-01-17T00:35:18.283+03:00  INFO 8624 --- [sysprogr] [restartedMain] .s.d.r.c.RepositoryConfigurationDelegate : Finished Spring Data repository scanning in 30 ms. Found 7 JPA repository interfaces.
2026-01-17T00:35:18.383+03:00  INFO 8624 --- [sysprogr] [restartedMain] o.s.b.w.embedded.tomcat.TomcatWebServer  : Tomcat initialized with port 8080 (http)
2026-01-17T00:35:18.384+03:00  INFO 8624 --- [sysprogr] [restartedMain] o.apache.catalina.core.StandardService   : Starting service [Tomcat]
2026-01-17T00:35:18.385+03:00  INFO 8624 --- [sysprogr] [restartedMain] o.apache.catalina.core.StandardEngine    : Starting Servlet engine: [Apache Tomcat/10.1.48]
2026-01-17T00:35:18.404+03:00  INFO 8624 --- [sysprogr] [restartedMain] o.a.c.c.C.[Tomcat].[localhost].[/]       : Initializing Spring embedded WebApplicationContext
2026-01-17T00:35:18.404+03:00  INFO 8624 --- [sysprogr] [restartedMain] w.s.c.ServletWebServerApplicationContext : Root WebApplicationContext: initialization completed in 377 ms
2026-01-17T00:35:18.443+03:00  INFO 8624 --- [sysprogr] [restartedMain] o.hibernate.jpa.internal.util.LogHelper  : HHH000204: Processing PersistenceUnitInfo [name: default]
2026-01-17T00:35:18.445+03:00  INFO 8624 --- [sysprogr] [restartedMain] o.h.c.internal.RegionFactoryInitiator    : HHH000026: Second-level cache disabled
2026-01-17T00:35:18.452+03:00  INFO 8624 --- [sysprogr] [restartedMain] o.s.o.j.p.SpringPersistenceUnitInfo      : No LoadTimeWeaver setup: ignoring JPA class transformer
2026-01-17T00:35:18.453+03:00  INFO 8624 --- [sysprogr] [restartedMain] com.zaxxer.hikari.HikariDataSource       : HikariPool-3 - Starting...
2026-01-17T00:35:18.501+03:00  INFO 8624 --- [sysprogr] [restartedMain] com.zaxxer.hikari.pool.HikariPool        : HikariPool-3 - Added connection org.postgresql.jdbc.PgConnection@61dab121
2026-01-17T00:35:18.502+03:00  INFO 8624 --- [sysprogr] [restartedMain] com.zaxxer.hikari.HikariDataSource       : HikariPool-3 - Start completed.
2026-01-17T00:35:18.509+03:00  WARN 8624 --- [sysprogr] [restartedMain] org.hibernate.orm.deprecation            : HHH90000025: PostgreSQLDialect does not need to be specified explicitly using 'hibernate.dialect' (remove the property setting and it will be selected by default)
2026-01-17T00:35:18.510+03:00  INFO 8624 --- [sysprogr] [restartedMain] org.hibernate.orm.connections.pooling    : HHH10001005: Database info:
	Database JDBC URL [Connecting through datasource 'HikariDataSource (HikariPool-3)']
	Database driver: undefined/unknown
	Database version: 14.20
	Autocommit mode: undefined/unknown
	Isolation level: undefined/unknown
	Minimum pool size: undefined/unknown
	Maximum pool size: undefined/unknown
2026-01-17T00:35:18.637+03:00  INFO 8624 --- [sysprogr] [restartedMain] o.h.e.t.j.p.i.JtaPlatformInitiator       : HHH000489: No JTA platform available (set 'hibernate.transaction.jta.platform' to enable JTA platform integration)
2026-01-17T00:35:18.747+03:00  INFO 8624 --- [sysprogr] [restartedMain] j.LocalContainerEntityManagerFactoryBean : Initialized JPA EntityManagerFactory for persistence unit 'default'
2026-01-17T00:35:18.901+03:00  INFO 8624 --- [sysprogr] [restartedMain] r$InitializeUserDetailsManagerConfigurer : Global AuthenticationManager configured with UserDetailsService bean with name userDetailsServiceImpl
2026-01-17T00:35:18.997+03:00  WARN 8624 --- [sysprogr] [restartedMain] JpaBaseConfiguration$JpaWebConfiguration : spring.jpa.open-in-view is enabled by default. Therefore, database queries may be performed during view rendering. Explicitly configure spring.jpa.open-in-view to disable this warning
2026-01-17T00:35:19.012+03:00  INFO 8624 --- [sysprogr] [restartedMain] o.s.b.a.w.s.WelcomePageHandlerMapping    : Adding welcome page: class path resource [static/index.html]
2026-01-17T00:35:19.258+03:00  INFO 8624 --- [sysprogr] [restartedMain] o.s.b.d.a.OptionalLiveReloadServer       : LiveReload server is running on port 35729
2026-01-17T00:35:19.269+03:00  INFO 8624 --- [sysprogr] [restartedMain] o.s.b.w.embedded.tomcat.TomcatWebServer  : Tomcat started on port 8080 (http) with context path '/'
2026-01-17T00:35:19.272+03:00  INFO 8624 --- [sysprogr] [restartedMain] com.example.demo.DemoApplication         : Started DemoApplication in 1.276 seconds (process running for 2911.428)
2026-01-17T00:35:19.274+03:00  INFO 8624 --- [sysprogr] [restartedMain] .ConditionEvaluationDeltaLoggingListener : Condition evaluation unchanged
2026-01-17T00:37:15.639+03:00  INFO 8624 --- [sysprogr] [File Watcher] rtingClassPathChangeChangedEventListener : Restarting due to 1 class path change (0 additions, 0 deletions, 1 modification)
2026-01-17T00:37:15.641+03:00  INFO 8624 --- [sysprogr] [Thread-11] o.s.b.w.e.tomcat.GracefulShutdown        : Commencing graceful shutdown. Waiting for active requests to complete
2026-01-17T00:37:15.976+03:00  INFO 8624 --- [sysprogr] [tomcat-shutdown] o.s.b.w.e.tomcat.GracefulShutdown        : Graceful shutdown complete
2026-01-17T00:37:15.979+03:00  INFO 8624 --- [sysprogr] [Thread-11] j.LocalContainerEntityManagerFactoryBean : Closing JPA EntityManagerFactory for persistence unit 'default'
2026-01-17T00:37:15.979+03:00  INFO 8624 --- [sysprogr] [Thread-11] com.zaxxer.hikari.HikariDataSource       : HikariPool-3 - Shutdown initiated...
2026-01-17T00:37:15.981+03:00  INFO 8624 --- [sysprogr] [Thread-11] com.zaxxer.hikari.HikariDataSource       : HikariPool-3 - Shutdown completed.
2026-01-17T00:37:16.045+03:00  INFO 8624 --- [sysprogr] [restartedMain] com.example.demo.DemoApplication         : Starting DemoApplication v1.0.0 using Java 17.0.16 with PID 8624 (C:\Users\ramis\Desktop\1\учеба\sysprogr-main\target\classes started by ramis in C:\Users\ramis\Desktop\1\учеба\sysprogr-main)
2026-01-17T00:37:16.045+03:00  INFO 8624 --- [sysprogr] [restartedMain] com.example.demo.DemoApplication         : The following 1 profile is active: "dev"
2026-01-17T00:37:16.248+03:00  INFO 8624 --- [sysprogr] [restartedMain] .s.d.r.c.RepositoryConfigurationDelegate : Bootstrapping Spring Data JPA repositories in DEFAULT mode.
2026-01-17T00:37:16.274+03:00  INFO 8624 --- [sysprogr] [restartedMain] .s.d.r.c.RepositoryConfigurationDelegate : Finished Spring Data repository scanning in 24 ms. Found 7 JPA repository interfaces.
2026-01-17T00:37:16.360+03:00  INFO 8624 --- [sysprogr] [restartedMain] o.s.b.w.embedded.tomcat.TomcatWebServer  : Tomcat initialized with port 8080 (http)
2026-01-17T00:37:16.361+03:00  INFO 8624 --- [sysprogr] [restartedMain] o.apache.catalina.core.StandardService   : Starting service [Tomcat]
2026-01-17T00:37:16.361+03:00  INFO 8624 --- [sysprogr] [restartedMain] o.apache.catalina.core.StandardEngine    : Starting Servlet engine: [Apache Tomcat/10.1.48]
2026-01-17T00:37:16.389+03:00  INFO 8624 --- [sysprogr] [restartedMain] o.a.c.c.C.[Tomcat].[localhost].[/]       : Initializing Spring embedded WebApplicationContext
2026-01-17T00:37:16.389+03:00  INFO 8624 --- [sysprogr] [restartedMain] w.s.c.ServletWebServerApplicationContext : Root WebApplicationContext: initialization completed in 344 ms
2026-01-17T00:37:16.424+03:00  INFO 8624 --- [sysprogr] [restartedMain] o.hibernate.jpa.internal.util.LogHelper  : HHH000204: Processing PersistenceUnitInfo [name: default]
2026-01-17T00:37:16.426+03:00  INFO 8624 --- [sysprogr] [restartedMain] o.h.c.internal.RegionFactoryInitiator    : HHH000026: Second-level cache disabled
2026-01-17T00:37:16.432+03:00  INFO 8624 --- [sysprogr] [restartedMain] o.s.o.j.p.SpringPersistenceUnitInfo      : No LoadTimeWeaver setup: ignoring JPA class transformer
2026-01-17T00:37:16.432+03:00  INFO 8624 --- [sysprogr] [restartedMain] com.zaxxer.hikari.HikariDataSource       : HikariPool-4 - Starting...
2026-01-17T00:37:16.482+03:00  INFO 8624 --- [sysprogr] [restartedMain] com.zaxxer.hikari.pool.HikariPool        : HikariPool-4 - Added connection org.postgresql.jdbc.PgConnection@6c40b11b
2026-01-17T00:37:16.483+03:00  INFO 8624 --- [sysprogr] [restartedMain] com.zaxxer.hikari.HikariDataSource       : HikariPool-4 - Start completed.
2026-01-17T00:37:16.491+03:00  WARN 8624 --- [sysprogr] [restartedMain] org.hibernate.orm.deprecation            : HHH90000025: PostgreSQLDialect does not need to be specified explicitly using 'hibernate.dialect' (remove the property setting and it will be selected by default)
2026-01-17T00:37:16.492+03:00  INFO 8624 --- [sysprogr] [restartedMain] org.hibernate.orm.connections.pooling    : HHH10001005: Database info:
	Database JDBC URL [Connecting through datasource 'HikariDataSource (HikariPool-4)']
	Database driver: undefined/unknown
	Database version: 14.20
	Autocommit mode: undefined/unknown
	Isolation level: undefined/unknown
	Minimum pool size: undefined/unknown
	Maximum pool size: undefined/unknown
2026-01-17T00:37:16.575+03:00  INFO 8624 --- [sysprogr] [restartedMain] o.h.e.t.j.p.i.JtaPlatformInitiator       : HHH000489: No JTA platform available (set 'hibernate.transaction.jta.platform' to enable JTA platform integration)
2026-01-17T00:37:16.667+03:00  INFO 8624 --- [sysprogr] [restartedMain] j.LocalContainerEntityManagerFactoryBean : Initialized JPA EntityManagerFactory for persistence unit 'default'
2026-01-17T00:37:16.783+03:00  INFO 8624 --- [sysprogr] [restartedMain] r$InitializeUserDetailsManagerConfigurer : Global AuthenticationManager configured with UserDetailsService bean with name userDetailsServiceImpl
2026-01-17T00:37:16.861+03:00  WARN 8624 --- [sysprogr] [restartedMain] JpaBaseConfiguration$JpaWebConfiguration : spring.jpa.open-in-view is enabled by default. Therefore, database queries may be performed during view rendering. Explicitly configure spring.jpa.open-in-view to disable this warning
2026-01-17T00:37:16.874+03:00  INFO 8624 --- [sysprogr] [restartedMain] o.s.b.a.w.s.WelcomePageHandlerMapping    : Adding welcome page: class path resource [static/index.html]
2026-01-17T00:37:17.088+03:00  INFO 8624 --- [sysprogr] [restartedMain] o.s.b.d.a.OptionalLiveReloadServer       : LiveReload server is running on port 35729
2026-01-17T00:37:17.098+03:00  INFO 8624 --- [sysprogr] [restartedMain] o.s.b.w.embedded.tomcat.TomcatWebServer  : Tomcat started on port 8080 (http) with context path '/'
2026-01-17T00:37:17.102+03:00  INFO 8624 --- [sysprogr] [restartedMain] com.example.demo.DemoApplication         : Started DemoApplication in 1.074 seconds (process running for 3029.257)
2026-01-17T00:37:17.103+03:00  INFO 8624 --- [sysprogr] [restartedMain] .ConditionEvaluationDeltaLoggingListener : Condition evaluation unchanged
2026-01-17T00:37:18.539+03:00  INFO 8624 --- [sysprogr] [File Watcher] rtingClassPathChangeChangedEventListener : Restarting due to 1 class path change (0 additions, 0 deletions, 1 modification)
2026-01-17T00:37:18.540+03:00  INFO 8624 --- [sysprogr] [Thread-15] o.s.b.w.e.tomcat.GracefulShutdown        : Commencing graceful shutdown. Waiting for active requests to complete
2026-01-17T00:37:18.893+03:00  INFO 8624 --- [sysprogr] [tomcat-shutdown] o.s.b.w.e.tomcat.GracefulShutdown        : Graceful shutdown complete
2026-01-17T00:37:18.896+03:00  INFO 8624 --- [sysprogr] [Thread-15] j.LocalContainerEntityManagerFactoryBean : Closing JPA EntityManagerFactory for persistence unit 'default'
2026-01-17T00:37:18.897+03:00  INFO 8624 --- [sysprogr] [Thread-15] com.zaxxer.hikari.HikariDataSource       : HikariPool-4 - Shutdown initiated...
2026-01-17T00:37:18.899+03:00  INFO 8624 --- [sysprogr] [Thread-15] com.zaxxer.hikari.HikariDataSource       : HikariPool-4 - Shutdown completed.
2026-01-17T00:37:18.964+03:00  INFO 8624 --- [sysprogr] [restartedMain] com.example.demo.DemoApplication         : Starting DemoApplication v1.0.0 using Java 17.0.16 with PID 8624 (C:\Users\ramis\Desktop\1\учеба\sysprogr-main\target\classes started by ramis in C:\Users\ramis\Desktop\1\учеба\sysprogr-main)
2026-01-17T00:37:18.964+03:00  INFO 8624 --- [sysprogr] [restartedMain] com.example.demo.DemoApplication         : The following 1 profile is active: "dev"
2026-01-17T00:37:19.140+03:00  INFO 8624 --- [sysprogr] [restartedMain] .s.d.r.c.RepositoryConfigurationDelegate : Bootstrapping Spring Data JPA repositories in DEFAULT mode.
2026-01-17T00:37:19.180+03:00  INFO 8624 --- [sysprogr] [restartedMain] .s.d.r.c.RepositoryConfigurationDelegate : Finished Spring Data repository scanning in 25 ms. Found 7 JPA repository interfaces.
2026-01-17T00:37:19.272+03:00  INFO 8624 --- [sysprogr] [restartedMain] o.s.b.w.embedded.tomcat.TomcatWebServer  : Tomcat initialized with port 8080 (http)
2026-01-17T00:37:19.273+03:00  INFO 8624 --- [sysprogr] [restartedMain] o.apache.catalina.core.StandardService   : Starting service [Tomcat]
2026-01-17T00:37:19.273+03:00  INFO 8624 --- [sysprogr] [restartedMain] o.apache.catalina.core.StandardEngine    : Starting Servlet engine: [Apache Tomcat/10.1.48]
2026-01-17T00:37:19.292+03:00  INFO 8624 --- [sysprogr] [restartedMain] o.a.c.c.C.[Tomcat].[localhost].[/]       : Initializing Spring embedded WebApplicationContext
2026-01-17T00:37:19.293+03:00  INFO 8624 --- [sysprogr] [restartedMain] w.s.c.ServletWebServerApplicationContext : Root WebApplicationContext: initialization completed in 328 ms
2026-01-17T00:37:19.326+03:00  INFO 8624 --- [sysprogr] [restartedMain] o.hibernate.jpa.internal.util.LogHelper  : HHH000204: Processing PersistenceUnitInfo [name: default]
2026-01-17T00:37:19.328+03:00  INFO 8624 --- [sysprogr] [restartedMain] o.h.c.internal.RegionFactoryInitiator    : HHH000026: Second-level cache disabled
2026-01-17T00:37:19.335+03:00  INFO 8624 --- [sysprogr] [restartedMain] o.s.o.j.p.SpringPersistenceUnitInfo      : No LoadTimeWeaver setup: ignoring JPA class transformer
2026-01-17T00:37:19.335+03:00  INFO 8624 --- [sysprogr] [restartedMain] com.zaxxer.hikari.HikariDataSource       : HikariPool-5 - Starting...
2026-01-17T00:37:19.392+03:00  INFO 8624 --- [sysprogr] [restartedMain] com.zaxxer.hikari.pool.HikariPool        : HikariPool-5 - Added connection org.postgresql.jdbc.PgConnection@1696bdda
2026-01-17T00:37:19.392+03:00  INFO 8624 --- [sysprogr] [restartedMain] com.zaxxer.hikari.HikariDataSource       : HikariPool-5 - Start completed.
2026-01-17T00:37:19.403+03:00  WARN 8624 --- [sysprogr] [restartedMain] org.hibernate.orm.deprecation            : HHH90000025: PostgreSQLDialect does not need to be specified explicitly using 'hibernate.dialect' (remove the property setting and it will be selected by default)
2026-01-17T00:37:19.404+03:00  INFO 8624 --- [sysprogr] [restartedMain] org.hibernate.orm.connections.pooling    : HHH10001005: Database info:
	Database JDBC URL [Connecting through datasource 'HikariDataSource (HikariPool-5)']
	Database driver: undefined/unknown
	Database version: 14.20
	Autocommit mode: undefined/unknown
	Isolation level: undefined/unknown
	Minimum pool size: undefined/unknown
	Maximum pool size: undefined/unknown
2026-01-17T00:37:19.489+03:00  INFO 8624 --- [sysprogr] [restartedMain] o.h.e.t.j.p.i.JtaPlatformInitiator       : HHH000489: No JTA platform available (set 'hibernate.transaction.jta.platform' to enable JTA platform integration)
2026-01-17T00:37:19.593+03:00  INFO 8624 --- [sysprogr] [restartedMain] j.LocalContainerEntityManagerFactoryBean : Initialized JPA EntityManagerFactory for persistence unit 'default'
2026-01-17T00:37:19.733+03:00  INFO 8624 --- [sysprogr] [restartedMain] r$InitializeUserDetailsManagerConfigurer : Global AuthenticationManager configured with UserDetailsService bean with name userDetailsServiceImpl
2026-01-17T00:37:19.820+03:00  WARN 8624 --- [sysprogr] [restartedMain] JpaBaseConfiguration$JpaWebConfiguration : spring.jpa.open-in-view is enabled by default. Therefore, database queries may be performed during view rendering. Explicitly configure spring.jpa.open-in-view to disable this warning
2026-01-17T00:37:19.834+03:00  INFO 8624 --- [sysprogr] [restartedMain] o.s.b.a.w.s.WelcomePageHandlerMapping    : Adding welcome page: class path resource [static/index.html]
2026-01-17T00:37:20.072+03:00  INFO 8624 --- [sysprogr] [restartedMain] o.s.b.d.a.OptionalLiveReloadServer       : LiveReload server is running on port 35729
2026-01-17T00:37:20.082+03:00  INFO 8624 --- [sysprogr] [restartedMain] o.s.b.w.embedded.tomcat.TomcatWebServer  : Tomcat started on port 8080 (http) with context path '/'
2026-01-17T00:37:20.086+03:00  INFO 8624 --- [sysprogr] [restartedMain] com.example.demo.DemoApplication         : Started DemoApplication in 1.142 seconds (process running for 3032.241)
2026-01-17T00:37:20.087+03:00  INFO 8624 --- [sysprogr] [restartedMain] .ConditionEvaluationDeltaLoggingListener : Condition evaluation unchanged
2026-01-17T00:37:21.511+03:00  INFO 8624 --- [sysprogr] [File Watcher] rtingClassPathChangeChangedEventListener : Restarting due to 1 class path change (0 additions, 0 deletions, 1 modification)
2026-01-17T00:37:21.512+03:00  INFO 8624 --- [sysprogr] [Thread-19] o.s.b.w.e.tomcat.GracefulShutdown        : Commencing graceful shutdown. Waiting for active requests to complete
2026-01-17T00:37:21.826+03:00  INFO 8624 --- [sysprogr] [tomcat-shutdown] o.s.b.w.e.tomcat.GracefulShutdown        : Graceful shutdown complete
2026-01-17T00:37:21.829+03:00  INFO 8624 --- [sysprogr] [Thread-19] j.LocalContainerEntityManagerFactoryBean : Closing JPA EntityManagerFactory for persistence unit 'default'
2026-01-17T00:37:21.829+03:00  INFO 8624 --- [sysprogr] [Thread-19] com.zaxxer.hikari.HikariDataSource       : HikariPool-5 - Shutdown initiated...
2026-01-17T00:37:21.831+03:00  INFO 8624 --- [sysprogr] [Thread-19] com.zaxxer.hikari.HikariDataSource       : HikariPool-5 - Shutdown completed.
2026-01-17T00:37:21.901+03:00  INFO 8624 --- [sysprogr] [restartedMain] com.example.demo.DemoApplication         : Starting DemoApplication v1.0.0 using Java 17.0.16 with PID 8624 (C:\Users\ramis\Desktop\1\учеба\sysprogr-main\target\classes started by ramis in C:\Users\ramis\Desktop\1\учеба\sysprogr-main)
2026-01-17T00:37:21.902+03:00  INFO 8624 --- [sysprogr] [restartedMain] com.example.demo.DemoApplication         : The following 1 profile is active: "dev"
2026-01-17T00:37:22.092+03:00  INFO 8624 --- [sysprogr] [restartedMain] .s.d.r.c.RepositoryConfigurationDelegate : Bootstrapping Spring Data JPA repositories in DEFAULT mode.
2026-01-17T00:37:22.118+03:00  INFO 8624 --- [sysprogr] [restartedMain] .s.d.r.c.RepositoryConfigurationDelegate : Finished Spring Data repository scanning in 24 ms. Found 7 JPA repository interfaces.
2026-01-17T00:37:22.205+03:00  INFO 8624 --- [sysprogr] [restartedMain] o.s.b.w.embedded.tomcat.TomcatWebServer  : Tomcat initialized with port 8080 (http)
2026-01-17T00:37:22.206+03:00  INFO 8624 --- [sysprogr] [restartedMain] o.apache.catalina.core.StandardService   : Starting service [Tomcat]
2026-01-17T00:37:22.206+03:00  INFO 8624 --- [sysprogr] [restartedMain] o.apache.catalina.core.StandardEngine    : Starting Servlet engine: [Apache Tomcat/10.1.48]
2026-01-17T00:37:22.226+03:00  INFO 8624 --- [sysprogr] [restartedMain] o.a.c.c.C.[Tomcat].[localhost].[/]       : Initializing Spring embedded WebApplicationContext
2026-01-17T00:37:22.226+03:00  INFO 8624 --- [sysprogr] [restartedMain] w.s.c.ServletWebServerApplicationContext : Root WebApplicationContext: initialization completed in 323 ms
2026-01-17T00:37:22.261+03:00  INFO 8624 --- [sysprogr] [restartedMain] o.hibernate.jpa.internal.util.LogHelper  : HHH000204: Processing PersistenceUnitInfo [name: default]
2026-01-17T00:37:22.263+03:00  INFO 8624 --- [sysprogr] [restartedMain] o.h.c.internal.RegionFactoryInitiator    : HHH000026: Second-level cache disabled
2026-01-17T00:37:22.269+03:00  INFO 8624 --- [sysprogr] [restartedMain] o.s.o.j.p.SpringPersistenceUnitInfo      : No LoadTimeWeaver setup: ignoring JPA class transformer
2026-01-17T00:37:22.269+03:00  INFO 8624 --- [sysprogr] [restartedMain] com.zaxxer.hikari.HikariDataSource       : HikariPool-6 - Starting...
2026-01-17T00:37:22.318+03:00  INFO 8624 --- [sysprogr] [restartedMain] com.zaxxer.hikari.pool.HikariPool        : HikariPool-6 - Added connection org.postgresql.jdbc.PgConnection@7d2d2a5
2026-01-17T00:37:22.318+03:00  INFO 8624 --- [sysprogr] [restartedMain] com.zaxxer.hikari.HikariDataSource       : HikariPool-6 - Start completed.
2026-01-17T00:37:22.326+03:00  WARN 8624 --- [sysprogr] [restartedMain] org.hibernate.orm.deprecation            : HHH90000025: PostgreSQLDialect does not need to be specified explicitly using 'hibernate.dialect' (remove the property setting and it will be selected by default)
2026-01-17T00:37:22.327+03:00  INFO 8624 --- [sysprogr] [restartedMain] org.hibernate.orm.connections.pooling    : HHH10001005: Database info:
	Database JDBC URL [Connecting through datasource 'HikariDataSource (HikariPool-6)']
	Database driver: undefined/unknown
	Database version: 14.20
	Autocommit mode: undefined/unknown
	Isolation level: undefined/unknown
	Minimum pool size: undefined/unknown
	Maximum pool size: undefined/unknown
2026-01-17T00:37:22.400+03:00  INFO 8624 --- [sysprogr] [restartedMain] o.h.e.t.j.p.i.JtaPlatformInitiator       : HHH000489: No JTA platform available (set 'hibernate.transaction.jta.platform' to enable JTA platform integration)
2026-01-17T00:37:22.493+03:00  INFO 8624 --- [sysprogr] [restartedMain] j.LocalContainerEntityManagerFactoryBean : Initialized JPA EntityManagerFactory for persistence unit 'default'
2026-01-17T00:37:22.604+03:00  INFO 8624 --- [sysprogr] [restartedMain] r$InitializeUserDetailsManagerConfigurer : Global AuthenticationManager configured with UserDetailsService bean with name userDetailsServiceImpl
2026-01-17T00:37:22.682+03:00  WARN 8624 --- [sysprogr] [restartedMain] JpaBaseConfiguration$JpaWebConfiguration : spring.jpa.open-in-view is enabled by default. Therefore, database queries may be performed during view rendering. Explicitly configure spring.jpa.open-in-view to disable this warning
2026-01-17T00:37:22.694+03:00  INFO 8624 --- [sysprogr] [restartedMain] o.s.b.a.w.s.WelcomePageHandlerMapping    : Adding welcome page: class path resource [static/index.html]
2026-01-17T00:37:23.014+03:00  INFO 8624 --- [sysprogr] [restartedMain] o.s.b.d.a.OptionalLiveReloadServer       : LiveReload server is running on port 35729
2026-01-17T00:37:23.023+03:00  INFO 8624 --- [sysprogr] [restartedMain] o.s.b.w.embedded.tomcat.TomcatWebServer  : Tomcat started on port 8080 (http) with context path '/'
2026-01-17T00:37:23.027+03:00  INFO 8624 --- [sysprogr] [restartedMain] com.example.demo.DemoApplication         : Started DemoApplication in 1.144 seconds (process running for 3035.182)
2026-01-17T00:37:23.028+03:00  INFO 8624 --- [sysprogr] [restartedMain] .ConditionEvaluationDeltaLoggingListener : Condition evaluation unchanged
2026-01-17T00:37:48.308+03:00  INFO 24420 --- [sysprogr] [restartedMain] com.example.demo.DemoApplication         : Starting DemoApplication v1.0.0 using Java 17.0.16 with PID 24420 (C:\Users\ramis\Desktop\1\учеба\sysprogr-main\target\classes started by ramis in C:\Users\ramis\Desktop\1\учеба\sysprogr-main)
2026-01-17T00:37:48.311+03:00  INFO 24420 --- [sysprogr] [restartedMain] com.example.demo.DemoApplication         : The following 1 profile is active: "dev"
2026-01-17T00:37:48.363+03:00  INFO 24420 --- [sysprogr] [restartedMain] .e.DevToolsPropertyDefaultsPostProcessor : Devtools property defaults active! Set 'spring.devtools.add-properties' to 'false' to disable
2026-01-17T00:37:48.364+03:00  INFO 24420 --- [sysprogr] [restartedMain] .e.DevToolsPropertyDefaultsPostProcessor : For additional web related logging consider setting the 'logging.level.web' property to 'DEBUG'
2026-01-17T00:37:49.502+03:00  INFO 24420 --- [sysprogr] [restartedMain] .s.d.r.c.RepositoryConfigurationDelegate : Bootstrapping Spring Data JPA repositories in DEFAULT mode.
2026-01-17T00:37:49.608+03:00  INFO 24420 --- [sysprogr] [restartedMain] .s.d.r.c.RepositoryConfigurationDelegate : Finished Spring Data repository scanning in 94 ms. Found 7 JPA repository interfaces.
2026-01-17T00:37:50.345+03:00  INFO 24420 --- [sysprogr] [restartedMain] o.s.b.w.embedded.tomcat.TomcatWebServer  : Tomcat initialized with port 8080 (http)
2026-01-17T00:37:50.361+03:00  INFO 24420 --- [sysprogr] [restartedMain] o.apache.catalina.core.StandardService   : Starting service [Tomcat]
2026-01-17T00:37:50.361+03:00  INFO 24420 --- [sysprogr] [restartedMain] o.apache.catalina.core.StandardEngine    : Starting Servlet engine: [Apache Tomcat/10.1.48]
2026-01-17T00:37:50.439+03:00  INFO 24420 --- [sysprogr] [restartedMain] o.a.c.c.C.[Tomcat].[localhost].[/]       : Initializing Spring embedded WebApplicationContext
2026-01-17T00:37:50.440+03:00  INFO 24420 --- [sysprogr] [restartedMain] w.s.c.ServletWebServerApplicationContext : Root WebApplicationContext: initialization completed in 2075 ms
2026-01-17T00:37:50.633+03:00  INFO 24420 --- [sysprogr] [restartedMain] o.hibernate.jpa.internal.util.LogHelper  : HHH000204: Processing PersistenceUnitInfo [name: default]
2026-01-17T00:37:50.693+03:00  INFO 24420 --- [sysprogr] [restartedMain] org.hibernate.Version                    : HHH000412: Hibernate ORM core version 6.6.33.Final
2026-01-17T00:37:50.731+03:00  INFO 24420 --- [sysprogr] [restartedMain] o.h.c.internal.RegionFactoryInitiator    : HHH000026: Second-level cache disabled
2026-01-17T00:37:51.067+03:00  INFO 24420 --- [sysprogr] [restartedMain] o.s.o.j.p.SpringPersistenceUnitInfo      : No LoadTimeWeaver setup: ignoring JPA class transformer
2026-01-17T00:37:51.107+03:00  INFO 24420 --- [sysprogr] [restartedMain] com.zaxxer.hikari.HikariDataSource       : HikariPool-1 - Starting...
2026-01-17T00:37:51.312+03:00  INFO 24420 --- [sysprogr] [restartedMain] com.zaxxer.hikari.pool.HikariPool        : HikariPool-1 - Added connection org.postgresql.jdbc.PgConnection@17dcdb9f
2026-01-17T00:37:51.314+03:00  INFO 24420 --- [sysprogr] [restartedMain] com.zaxxer.hikari.HikariDataSource       : HikariPool-1 - Start completed.
2026-01-17T00:37:51.354+03:00  WARN 24420 --- [sysprogr] [restartedMain] org.hibernate.orm.deprecation            : HHH90000025: PostgreSQLDialect does not need to be specified explicitly using 'hibernate.dialect' (remove the property setting and it will be selected by default)
2026-01-17T00:37:51.378+03:00  INFO 24420 --- [sysprogr] [restartedMain] org.hibernate.orm.connections.pooling    : HHH10001005: Database info:
	Database JDBC URL [Connecting through datasource 'HikariDataSource (HikariPool-1)']
	Database driver: undefined/unknown
	Database version: 14.20
	Autocommit mode: undefined/unknown
	Isolation level: undefined/unknown
	Minimum pool size: undefined/unknown
	Maximum pool size: undefined/unknown
2026-01-17T00:37:52.639+03:00  INFO 24420 --- [sysprogr] [restartedMain] o.h.e.t.j.p.i.JtaPlatformInitiator       : HHH000489: No JTA platform available (set 'hibernate.transaction.jta.platform' to enable JTA platform integration)
2026-01-17T00:37:52.782+03:00  INFO 24420 --- [sysprogr] [restartedMain] j.LocalContainerEntityManagerFactoryBean : Initialized JPA EntityManagerFactory for persistence unit 'default'
2026-01-17T00:37:53.210+03:00  INFO 24420 --- [sysprogr] [restartedMain] o.s.d.j.r.query.QueryEnhancerFactory     : Hibernate is in classpath; If applicable, HQL parser will be used.
2026-01-17T00:37:54.143+03:00  INFO 24420 --- [sysprogr] [restartedMain] r$InitializeUserDetailsManagerConfigurer : Global AuthenticationManager configured with UserDetailsService bean with name userDetailsServiceImpl
2026-01-17T00:37:54.363+03:00  WARN 24420 --- [sysprogr] [restartedMain] JpaBaseConfiguration$JpaWebConfiguration : spring.jpa.open-in-view is enabled by default. Therefore, database queries may be performed during view rendering. Explicitly configure spring.jpa.open-in-view to disable this warning
2026-01-17T00:37:54.400+03:00  INFO 24420 --- [sysprogr] [restartedMain] o.s.b.a.w.s.WelcomePageHandlerMapping    : Adding welcome page: class path resource [static/index.html]
2026-01-17T00:37:55.071+03:00  INFO 24420 --- [sysprogr] [restartedMain] o.s.b.d.a.OptionalLiveReloadServer       : LiveReload server is running on port 35729
2026-01-17T00:37:55.104+03:00  INFO 24420 --- [sysprogr] [restartedMain] o.s.b.w.embedded.tomcat.TomcatWebServer  : Tomcat started on port 8080 (http) with context path '/'
2026-01-17T00:37:55.116+03:00  INFO 24420 --- [sysprogr] [restartedMain] com.example.demo.DemoApplication         : Started DemoApplication in 7.34 seconds (process running for 7.802)
2026-01-17T00:38:00.772+03:00  INFO 24420 --- [sysprogr] [http-nio-8080-exec-1] o.a.c.c.C.[Tomcat].[localhost].[/]       : Initializing Spring DispatcherServlet 'dispatcherServlet'
2026-01-17T00:38:00.772+03:00  INFO 24420 --- [sysprogr] [http-nio-8080-exec-1] o.s.web.servlet.DispatcherServlet        : Initializing Servlet 'dispatcherServlet'
2026-01-17T00:38:00.773+03:00  INFO 24420 --- [sysprogr] [http-nio-8080-exec-1] o.s.web.servlet.DispatcherServlet        : Completed initialization in 1 ms
2026-01-17T00:38:00.812+03:00  INFO 24420 --- [sysprogr] [http-nio-8080-exec-1] Request                                  : [34mUser: anonymousUser requested URL: / [GET][0m
2026-01-17T00:38:00.819+03:00  INFO 24420 --- [sysprogr] [http-nio-8080-exec-1] Response                                 : [34mUser: anonymousUser completed URL: / [GET] in 6 ms[0m
2026-01-17T00:38:00.836+03:00  INFO 24420 --- [sysprogr] [http-nio-8080-exec-1] Request                                  : [34mUser: anonymousUser requested URL: /index.html [GET][0m
2026-01-17T00:38:00.849+03:00  INFO 24420 --- [sysprogr] [http-nio-8080-exec-1] Response                                 : [34mUser: anonymousUser completed URL: /index.html [GET] in 13 ms[0m
2026-01-17T00:38:03.197+03:00  INFO 24420 --- [sysprogr] [http-nio-8080-exec-8] Request                                  : [32mUser: anonymousUser requested URL: /api/auth/login [POST][0m
2026-01-17T00:38:03.263+03:00  INFO 24420 --- [sysprogr] [http-nio-8080-exec-8] c.e.d.c.AuthenticationController         : Попытка входа пользователя username=admin1
2026-01-17T00:38:03.548+03:00  INFO 24420 --- [sysprogr] [http-nio-8080-exec-8] AuthenticationSuccessEvent               : [35mUser [admin1] logged successfully[0m
2026-01-17T00:38:03.624+03:00  INFO 24420 --- [sysprogr] [http-nio-8080-exec-8] c.e.d.c.AuthenticationController         : Успешный вход пользователя username=admin1, roles=ADMIN
2026-01-17T00:38:03.642+03:00  INFO 24420 --- [sysprogr] [http-nio-8080-exec-8] Response                                 : [32mUser: admin1 completed URL: /api/auth/login [POST] in 445 ms[0m
2026-01-17T00:38:03.695+03:00  INFO 24420 --- [sysprogr] [http-nio-8080-exec-9] Request                                  : [34mUser: admin1 requested URL: /api/auth/info [GET][0m
2026-01-17T00:38:03.706+03:00  INFO 24420 --- [sysprogr] [http-nio-8080-exec-9] c.e.d.c.AuthenticationController         : Запрос информации о текущем пользователе
2026-01-17T00:38:03.717+03:00  INFO 24420 --- [sysprogr] [http-nio-8080-exec-9] c.e.d.c.AuthenticationController         : Информация о пользователе получена: username=admin1, role=ADMIN
2026-01-17T00:38:03.721+03:00  INFO 24420 --- [sysprogr] [http-nio-8080-exec-9] Response                                 : [34mUser: admin1 completed URL: /api/auth/info [GET] in 26 ms[0m
2026-01-17T00:38:03.742+03:00  INFO 24420 --- [sysprogr] [http-nio-8080-exec-10] Request                                  : [34mUser: admin1 requested URL: /api/buses [GET][0m
2026-01-17T00:38:03.745+03:00  INFO 24420 --- [sysprogr] [http-nio-8080-exec-10] c.example.demo.controller.BusController  : Запрос на получение списка всех автобусов
2026-01-17T00:38:03.790+03:00  INFO 24420 --- [sysprogr] [http-nio-8080-exec-10] c.example.demo.controller.BusController  : Найдено автобусов: 6
2026-01-17T00:38:03.795+03:00  INFO 24420 --- [sysprogr] [http-nio-8080-exec-10] Response                                 : [34mUser: admin1 completed URL: /api/buses [GET] in 53 ms[0m
2026-01-17T00:38:03.813+03:00  INFO 24420 --- [sysprogr] [http-nio-8080-exec-1] Request                                  : [34mUser: admin1 requested URL: /api/sensors [GET][0m
2026-01-17T00:38:03.826+03:00  WARN 24420 --- [sysprogr] [http-nio-8080-exec-1] .m.m.a.ExceptionHandlerExceptionResolver : Resolved [org.springframework.security.authorization.AuthorizationDeniedException: Access Denied]
2026-01-17T00:38:03.844+03:00  INFO 24420 --- [sysprogr] [http-nio-8080-exec-2] Request                                  : [34mUser: admin1 requested URL: /api/buses [GET][0m
2026-01-17T00:38:03.845+03:00  INFO 24420 --- [sysprogr] [http-nio-8080-exec-2] c.example.demo.controller.BusController  : Запрос на получение списка всех автобусов
2026-01-17T00:38:03.848+03:00  INFO 24420 --- [sysprogr] [http-nio-8080-exec-2] c.example.demo.controller.BusController  : Найдено автобусов: 6
2026-01-17T00:38:03.850+03:00  INFO 24420 --- [sysprogr] [http-nio-8080-exec-2] Response                                 : [34mUser: admin1 completed URL: /api/buses [GET] in 6 ms[0m
2026-01-17T00:38:03.869+03:00  INFO 24420 --- [sysprogr] [http-nio-8080-exec-4] Request                                  : [34mUser: admin1 requested URL: /api/sensors [GET][0m
2026-01-17T00:38:03.874+03:00  WARN 24420 --- [sysprogr] [http-nio-8080-exec-4] .m.m.a.ExceptionHandlerExceptionResolver : Resolved [org.springframework.security.authorization.AuthorizationDeniedException: Access Denied]
2026-01-17T00:38:42.028+03:00  INFO 24420 --- [sysprogr] [http-nio-8080-exec-3] Request                                  : [34mUser: admin1 requested URL: /api/sensors [GET][0m
2026-01-17T00:38:42.028+03:00  WARN 24420 --- [sysprogr] [http-nio-8080-exec-3] .m.m.a.ExceptionHandlerExceptionResolver : Resolved [org.springframework.security.authorization.AuthorizationDeniedException: Access Denied]
2026-01-17T00:39:04.615+03:00  INFO 24420 --- [sysprogr] [http-nio-8080-exec-5] Request                                  : [32mUser: anonymousUser requested URL: /api/auth/login [POST][0m
2026-01-17T00:39:04.616+03:00  INFO 24420 --- [sysprogr] [http-nio-8080-exec-5] c.e.d.c.AuthenticationController         : Попытка входа пользователя username=admin1
2026-01-17T00:39:04.686+03:00  INFO 24420 --- [sysprogr] [http-nio-8080-exec-5] AuthenticationSuccessEvent               : [35mUser [admin1] logged successfully[0m
2026-01-17T00:39:04.748+03:00  INFO 24420 --- [sysprogr] [http-nio-8080-exec-5] c.e.d.c.AuthenticationController         : Успешный вход пользователя username=admin1, roles=ADMIN
2026-01-17T00:39:04.749+03:00  INFO 24420 --- [sysprogr] [http-nio-8080-exec-5] Response                                 : [32mUser: admin1 completed URL: /api/auth/login [POST] in 134 ms[0m
2026-01-17T00:39:11.525+03:00  INFO 24420 --- [sysprogr] [http-nio-8080-exec-6] Request                                  : [34mUser: admin1 requested URL: /api/dashboard/stats [GET][0m
2026-01-17T00:39:11.526+03:00  INFO 24420 --- [sysprogr] [http-nio-8080-exec-6] c.e.demo.controller.DashboardController  : Запрос статистики для дашборда
2026-01-17T00:39:11.527+03:00  INFO 24420 --- [sysprogr] [http-nio-8080-exec-6] c.e.demo.controller.DashboardController  : Статистика для дашборда сформирована: totalBuses=5, totalSensors=25, totalAnomalies=42, anomaliesLast24h=8
2026-01-17T00:39:11.531+03:00  INFO 24420 --- [sysprogr] [http-nio-8080-exec-6] Response                                 : [34mUser: admin1 completed URL: /api/dashboard/stats [GET] in 6 ms[0m
2026-01-17T00:39:16.650+03:00  INFO 24420 --- [sysprogr] [http-nio-8080-exec-7] Request                                  : [34mUser: admin1 requested URL: / [GET][0m
2026-01-17T00:39:16.651+03:00  INFO 24420 --- [sysprogr] [http-nio-8080-exec-7] Response                                 : [34mUser: admin1 completed URL: / [GET] in 1 ms[0m
2026-01-17T00:39:16.653+03:00  INFO 24420 --- [sysprogr] [http-nio-8080-exec-7] Request                                  : [34mUser: admin1 requested URL: /index.html [GET][0m
2026-01-17T00:39:16.655+03:00  INFO 24420 --- [sysprogr] [http-nio-8080-exec-7] Response                                 : [34mUser: admin1 completed URL: /index.html [GET] in 2 ms[0m
2026-01-17T00:39:16.696+03:00  INFO 24420 --- [sysprogr] [http-nio-8080-exec-8] Request                                  : [34mUser: admin1 requested URL: /.well-known/appspecific/com.chrome.devtools.json [GET][0m
2026-01-17T00:39:16.704+03:00  WARN 24420 --- [sysprogr] [http-nio-8080-exec-8] .m.m.a.ExceptionHandlerExceptionResolver : Resolved [org.springframework.web.servlet.resource.NoResourceFoundException: No static resource .well-known/appspecific/com.chrome.devtools.json.]
2026-01-17T00:39:16.831+03:00  INFO 24420 --- [sysprogr] [http-nio-8080-exec-2] Request                                  : [34mUser: admin1 requested URL: /api/auth/info [GET][0m
2026-01-17T00:39:16.831+03:00  INFO 24420 --- [sysprogr] [http-nio-8080-exec-2] c.e.d.c.AuthenticationController         : Запрос информации о текущем пользователе
2026-01-17T00:39:16.838+03:00  INFO 24420 --- [sysprogr] [http-nio-8080-exec-2] c.e.d.c.AuthenticationController         : Информация о пользователе получена: username=admin1, role=ADMIN
2026-01-17T00:39:16.839+03:00  INFO 24420 --- [sysprogr] [http-nio-8080-exec-2] Response                                 : [34mUser: admin1 completed URL: /api/auth/info [GET] in 9 ms[0m
2026-01-17T00:39:16.949+03:00  INFO 24420 --- [sysprogr] [http-nio-8080-exec-4] Request                                  : [34mUser: admin1 requested URL: /api/buses [GET][0m
2026-01-17T00:39:16.950+03:00  INFO 24420 --- [sysprogr] [http-nio-8080-exec-3] Request                                  : [34mUser: admin1 requested URL: /favicon.ico [GET][0m
2026-01-17T00:39:16.950+03:00  INFO 24420 --- [sysprogr] [http-nio-8080-exec-4] c.example.demo.controller.BusController  : Запрос на получение списка всех автобусов
2026-01-17T00:39:16.954+03:00  INFO 24420 --- [sysprogr] [http-nio-8080-exec-4] c.example.demo.controller.BusController  : Найдено автобусов: 6
2026-01-17T00:39:16.955+03:00  INFO 24420 --- [sysprogr] [http-nio-8080-exec-4] Response                                 : [34mUser: admin1 completed URL: /api/buses [GET] in 6 ms[0m
2026-01-17T00:39:16.959+03:00  WARN 24420 --- [sysprogr] [http-nio-8080-exec-3] .m.m.a.ExceptionHandlerExceptionResolver : Resolved [org.springframework.web.servlet.resource.NoResourceFoundException: No static resource favicon.ico.]
2026-01-17T00:39:16.982+03:00  INFO 24420 --- [sysprogr] [http-nio-8080-exec-5] Request                                  : [34mUser: admin1 requested URL: /api/sensors [GET][0m
2026-01-17T00:39:16.983+03:00  WARN 24420 --- [sysprogr] [http-nio-8080-exec-5] .m.m.a.ExceptionHandlerExceptionResolver : Resolved [org.springframework.security.authorization.AuthorizationDeniedException: Access Denied]
2026-01-17T00:39:17.000+03:00  INFO 24420 --- [sysprogr] [http-nio-8080-exec-6] Request                                  : [34mUser: admin1 requested URL: /api/buses [GET][0m
2026-01-17T00:39:17.001+03:00  INFO 24420 --- [sysprogr] [http-nio-8080-exec-6] c.example.demo.controller.BusController  : Запрос на получение списка всех автобусов
2026-01-17T00:39:17.004+03:00  INFO 24420 --- [sysprogr] [http-nio-8080-exec-6] c.example.demo.controller.BusController  : Найдено автобусов: 6
2026-01-17T00:39:17.007+03:00  INFO 24420 --- [sysprogr] [http-nio-8080-exec-6] Response                                 : [34mUser: admin1 completed URL: /api/buses [GET] in 5 ms[0m
2026-01-17T00:39:17.021+03:00  INFO 24420 --- [sysprogr] [http-nio-8080-exec-7] Request                                  : [34mUser: admin1 requested URL: /api/sensors [GET][0m
2026-01-17T00:39:17.023+03:00  WARN 24420 --- [sysprogr] [http-nio-8080-exec-7] .m.m.a.ExceptionHandlerExceptionResolver : Resolved [org.springframework.security.authorization.AuthorizationDeniedException: Access Denied]
2026-01-17T00:39:24.736+03:00  INFO 24420 --- [sysprogr] [http-nio-8080-exec-8] Request                                  : [34mUser: admin1 requested URL: /api/sensors [GET][0m
2026-01-17T00:39:24.739+03:00  WARN 24420 --- [sysprogr] [http-nio-8080-exec-8] .m.m.a.ExceptionHandlerExceptionResolver : Resolved [org.springframework.security.authorization.AuthorizationDeniedException: Access Denied]
2026-01-17T00:40:21.483+03:00  INFO 24420 --- [sysprogr] [http-nio-8080-exec-10] Request                                  : [32mUser: admin1 requested URL: /api/sensors [POST][0m
2026-01-17T00:40:21.494+03:00  WARN 24420 --- [sysprogr] [http-nio-8080-exec-10] .m.m.a.ExceptionHandlerExceptionResolver : Resolved [org.springframework.security.authorization.AuthorizationDeniedException: Access Denied]
2026-01-17T00:42:05.912+03:00  INFO 24420 --- [sysprogr] [File Watcher] rtingClassPathChangeChangedEventListener : Restarting due to 1 class path change (0 additions, 0 deletions, 1 modification)
2026-01-17T00:42:05.916+03:00  INFO 24420 --- [sysprogr] [Thread-5] o.s.b.w.e.tomcat.GracefulShutdown        : Commencing graceful shutdown. Waiting for active requests to complete
2026-01-17T00:42:06.279+03:00  INFO 24420 --- [sysprogr] [tomcat-shutdown] o.s.b.w.e.tomcat.GracefulShutdown        : Graceful shutdown complete
2026-01-17T00:42:06.284+03:00  INFO 24420 --- [sysprogr] [Thread-5] j.LocalContainerEntityManagerFactoryBean : Closing JPA EntityManagerFactory for persistence unit 'default'
2026-01-17T00:42:06.288+03:00  INFO 24420 --- [sysprogr] [Thread-5] com.zaxxer.hikari.HikariDataSource       : HikariPool-1 - Shutdown initiated...
2026-01-17T00:42:06.295+03:00  INFO 24420 --- [sysprogr] [Thread-5] com.zaxxer.hikari.HikariDataSource       : HikariPool-1 - Shutdown completed.
2026-01-17T00:42:06.393+03:00  INFO 24420 --- [sysprogr] [restartedMain] com.example.demo.DemoApplication         : Starting DemoApplication v1.0.0 using Java 17.0.16 with PID 24420 (C:\Users\ramis\Desktop\1\учеба\sysprogr-main\target\classes started by ramis in C:\Users\ramis\Desktop\1\учеба\sysprogr-main)
2026-01-17T00:42:06.393+03:00  INFO 24420 --- [sysprogr] [restartedMain] com.example.demo.DemoApplication         : The following 1 profile is active: "dev"
2026-01-17T00:42:06.798+03:00  INFO 24420 --- [sysprogr] [restartedMain] .s.d.r.c.RepositoryConfigurationDelegate : Bootstrapping Spring Data JPA repositories in DEFAULT mode.
2026-01-17T00:42:06.843+03:00  INFO 24420 --- [sysprogr] [restartedMain] .s.d.r.c.RepositoryConfigurationDelegate : Finished Spring Data repository scanning in 43 ms. Found 7 JPA repository interfaces.
2026-01-17T00:42:06.984+03:00  INFO 24420 --- [sysprogr] [restartedMain] o.s.b.w.embedded.tomcat.TomcatWebServer  : Tomcat initialized with port 8080 (http)
2026-01-17T00:42:06.985+03:00  INFO 24420 --- [sysprogr] [restartedMain] o.apache.catalina.core.StandardService   : Starting service [Tomcat]
2026-01-17T00:42:06.987+03:00  INFO 24420 --- [sysprogr] [restartedMain] o.apache.catalina.core.StandardEngine    : Starting Servlet engine: [Apache Tomcat/10.1.48]
2026-01-17T00:42:07.028+03:00  INFO 24420 --- [sysprogr] [restartedMain] o.a.c.c.C.[Tomcat].[localhost].[/]       : Initializing Spring embedded WebApplicationContext
2026-01-17T00:42:07.029+03:00  INFO 24420 --- [sysprogr] [restartedMain] w.s.c.ServletWebServerApplicationContext : Root WebApplicationContext: initialization completed in 633 ms
2026-01-17T00:42:07.074+03:00  INFO 24420 --- [sysprogr] [restartedMain] o.hibernate.jpa.internal.util.LogHelper  : HHH000204: Processing PersistenceUnitInfo [name: default]
2026-01-17T00:42:07.078+03:00  INFO 24420 --- [sysprogr] [restartedMain] o.h.c.internal.RegionFactoryInitiator    : HHH000026: Second-level cache disabled
2026-01-17T00:42:07.094+03:00  INFO 24420 --- [sysprogr] [restartedMain] o.s.o.j.p.SpringPersistenceUnitInfo      : No LoadTimeWeaver setup: ignoring JPA class transformer
2026-01-17T00:42:07.096+03:00  INFO 24420 --- [sysprogr] [restartedMain] com.zaxxer.hikari.HikariDataSource       : HikariPool-2 - Starting...
2026-01-17T00:42:07.161+03:00  INFO 24420 --- [sysprogr] [restartedMain] com.zaxxer.hikari.pool.HikariPool        : HikariPool-2 - Added connection org.postgresql.jdbc.PgConnection@3b49f291
2026-01-17T00:42:07.161+03:00  INFO 24420 --- [sysprogr] [restartedMain] com.zaxxer.hikari.HikariDataSource       : HikariPool-2 - Start completed.
2026-01-17T00:42:07.174+03:00  WARN 24420 --- [sysprogr] [restartedMain] org.hibernate.orm.deprecation            : HHH90000025: PostgreSQLDialect does not need to be specified explicitly using 'hibernate.dialect' (remove the property setting and it will be selected by default)
2026-01-17T00:42:07.176+03:00  INFO 24420 --- [sysprogr] [restartedMain] org.hibernate.orm.connections.pooling    : HHH10001005: Database info:
	Database JDBC URL [Connecting through datasource 'HikariDataSource (HikariPool-2)']
	Database driver: undefined/unknown
	Database version: 14.20
	Autocommit mode: undefined/unknown
	Isolation level: undefined/unknown
	Minimum pool size: undefined/unknown
	Maximum pool size: undefined/unknown
2026-01-17T00:42:07.366+03:00  INFO 24420 --- [sysprogr] [restartedMain] o.h.e.t.j.p.i.JtaPlatformInitiator       : HHH000489: No JTA platform available (set 'hibernate.transaction.jta.platform' to enable JTA platform integration)
2026-01-17T00:42:07.489+03:00  INFO 24420 --- [sysprogr] [restartedMain] j.LocalContainerEntityManagerFactoryBean : Initialized JPA EntityManagerFactory for persistence unit 'default'
2026-01-17T00:42:07.632+03:00  INFO 24420 --- [sysprogr] [restartedMain] r$InitializeUserDetailsManagerConfigurer : Global AuthenticationManager configured with UserDetailsService bean with name userDetailsServiceImpl
2026-01-17T00:42:07.742+03:00  WARN 24420 --- [sysprogr] [restartedMain] JpaBaseConfiguration$JpaWebConfiguration : spring.jpa.open-in-view is enabled by default. Therefore, database queries may be performed during view rendering. Explicitly configure spring.jpa.open-in-view to disable this warning
2026-01-17T00:42:07.758+03:00  INFO 24420 --- [sysprogr] [restartedMain] o.s.b.a.w.s.WelcomePageHandlerMapping    : Adding welcome page: class path resource [static/index.html]
2026-01-17T00:42:07.991+03:00  INFO 24420 --- [sysprogr] [restartedMain] o.s.b.d.a.OptionalLiveReloadServer       : LiveReload server is running on port 35729
2026-01-17T00:42:07.999+03:00  INFO 24420 --- [sysprogr] [restartedMain] o.s.b.w.embedded.tomcat.TomcatWebServer  : Tomcat started on port 8080 (http) with context path '/'
2026-01-17T00:42:08.004+03:00  INFO 24420 --- [sysprogr] [restartedMain] com.example.demo.DemoApplication         : Started DemoApplication in 1.654 seconds (process running for 260.69)
2026-01-17T00:42:08.006+03:00  INFO 24420 --- [sysprogr] [restartedMain] .ConditionEvaluationDeltaLoggingListener : Condition evaluation unchanged
2026-01-17T00:42:16.112+03:00  INFO 24420 --- [sysprogr] [http-nio-8080-exec-1] o.a.c.c.C.[Tomcat].[localhost].[/]       : Initializing Spring DispatcherServlet 'dispatcherServlet'
2026-01-17T00:42:16.114+03:00  INFO 24420 --- [sysprogr] [http-nio-8080-exec-1] o.s.web.servlet.DispatcherServlet        : Initializing Servlet 'dispatcherServlet'
2026-01-17T00:42:16.115+03:00  INFO 24420 --- [sysprogr] [http-nio-8080-exec-1] o.s.web.servlet.DispatcherServlet        : Completed initialization in 1 ms
2026-01-17T00:42:16.155+03:00  INFO 24420 --- [sysprogr] [http-nio-8080-exec-1] Request                                  : [32mUser: admin1 requested URL: /api/sensors [POST][0m
2026-01-17T00:42:16.161+03:00  INFO 24420 --- [sysprogr] [http-nio-8080-exec-1] c.e.demo.controller.SensorController     : Создание записи датчика для автобуса busId=3, type=ENGINE_TEMP, value=80.0, anomaly=false
2026-01-17T00:42:16.173+03:00  INFO 24420 --- [sysprogr] [http-nio-8080-exec-1] com.example.demo.service.SensorService   : Создана запись датчика без аномалии или без автобуса, уведомление в Telegram не отправляется
2026-01-17T00:42:16.173+03:00  INFO 24420 --- [sysprogr] [http-nio-8080-exec-1] c.e.demo.controller.SensorController     : Запись датчика успешно создана с id=36 для автобуса busId=3
2026-01-17T00:42:16.183+03:00  INFO 24420 --- [sysprogr] [http-nio-8080-exec-1] Response                                 : [32mUser: admin1 completed URL: /api/sensors [POST] in 29 ms[0m
2026-01-17T00:42:23.156+03:00  INFO 24420 --- [sysprogr] [http-nio-8080-exec-2] Request                                  : [34mUser: admin1 requested URL: /api/sensors [GET][0m
2026-01-17T00:42:23.160+03:00  INFO 24420 --- [sysprogr] [http-nio-8080-exec-2] c.e.demo.controller.SensorController     : Запрос всех данных датчиков: page=0, size=20, type=null
2026-01-17T00:42:23.170+03:00  INFO 24420 --- [sysprogr] [http-nio-8080-exec-2] c.e.demo.controller.SensorController     : Получено записей датчиков: 13
2026-01-17T00:42:23.173+03:00  INFO 24420 --- [sysprogr] [http-nio-8080-exec-2] Response                                 : [34mUser: admin1 completed URL: /api/sensors [GET] in 17 ms[0m
2026-01-17T00:42:25.893+03:00  INFO 24420 --- [sysprogr] [http-nio-8080-exec-3] Request                                  : [34mUser: admin1 requested URL: / [GET][0m
2026-01-17T00:42:25.894+03:00  INFO 24420 --- [sysprogr] [http-nio-8080-exec-3] Response                                 : [34mUser: admin1 completed URL: / [GET] in 1 ms[0m
2026-01-17T00:42:25.898+03:00  INFO 24420 --- [sysprogr] [http-nio-8080-exec-3] Request                                  : [34mUser: admin1 requested URL: /index.html [GET][0m
2026-01-17T00:42:25.900+03:00  INFO 24420 --- [sysprogr] [http-nio-8080-exec-3] Response                                 : [34mUser: admin1 completed URL: /index.html [GET] in 2 ms[0m
2026-01-17T00:42:25.955+03:00  INFO 24420 --- [sysprogr] [http-nio-8080-exec-7] Request                                  : [34mUser: admin1 requested URL: /.well-known/appspecific/com.chrome.devtools.json [GET][0m
2026-01-17T00:42:25.970+03:00  WARN 24420 --- [sysprogr] [http-nio-8080-exec-7] .m.m.a.ExceptionHandlerExceptionResolver : Resolved [org.springframework.web.servlet.resource.NoResourceFoundException: No static resource .well-known/appspecific/com.chrome.devtools.json.]
2026-01-17T00:42:26.099+03:00  INFO 24420 --- [sysprogr] [http-nio-8080-exec-8] Request                                  : [34mUser: admin1 requested URL: /api/auth/info [GET][0m
2026-01-17T00:42:26.101+03:00  INFO 24420 --- [sysprogr] [http-nio-8080-exec-8] c.e.d.c.AuthenticationController         : Запрос информации о текущем пользователе
2026-01-17T00:42:26.108+03:00  INFO 24420 --- [sysprogr] [http-nio-8080-exec-8] c.e.d.c.AuthenticationController         : Информация о пользователе получена: username=admin1, role=ADMIN
2026-01-17T00:42:26.112+03:00  INFO 24420 --- [sysprogr] [http-nio-8080-exec-8] Response                                 : [34mUser: admin1 completed URL: /api/auth/info [GET] in 13 ms[0m
2026-01-17T00:42:26.227+03:00  INFO 24420 --- [sysprogr] [http-nio-8080-exec-9] Request                                  : [34mUser: admin1 requested URL: /api/buses [GET][0m
2026-01-17T00:42:26.228+03:00  INFO 24420 --- [sysprogr] [http-nio-8080-exec-9] c.example.demo.controller.BusController  : Запрос на получение списка всех автобусов
2026-01-17T00:42:26.229+03:00  INFO 24420 --- [sysprogr] [http-nio-8080-exec-10] Request                                  : [34mUser: admin1 requested URL: /favicon.ico [GET][0m
2026-01-17T00:42:26.233+03:00  INFO 24420 --- [sysprogr] [http-nio-8080-exec-9] c.example.demo.controller.BusController  : Найдено автобусов: 6
2026-01-17T00:42:26.233+03:00  WARN 24420 --- [sysprogr] [http-nio-8080-exec-10] .m.m.a.ExceptionHandlerExceptionResolver : Resolved [org.springframework.web.servlet.resource.NoResourceFoundException: No static resource favicon.ico.]
2026-01-17T00:42:26.236+03:00  INFO 24420 --- [sysprogr] [http-nio-8080-exec-9] Response                                 : [34mUser: admin1 completed URL: /api/buses [GET] in 9 ms[0m
2026-01-17T00:42:26.250+03:00  INFO 24420 --- [sysprogr] [http-nio-8080-exec-1] Request                                  : [34mUser: admin1 requested URL: /api/sensors [GET][0m
2026-01-17T00:42:26.251+03:00  INFO 24420 --- [sysprogr] [http-nio-8080-exec-1] c.e.demo.controller.SensorController     : Запрос всех данных датчиков: page=0, size=20, type=null
2026-01-17T00:42:26.257+03:00  INFO 24420 --- [sysprogr] [http-nio-8080-exec-1] c.e.demo.controller.SensorController     : Получено записей датчиков: 13
2026-01-17T00:42:26.261+03:00  INFO 24420 --- [sysprogr] [http-nio-8080-exec-1] Response                                 : [34mUser: admin1 completed URL: /api/sensors [GET] in 11 ms[0m
2026-01-17T00:42:26.277+03:00  INFO 24420 --- [sysprogr] [http-nio-8080-exec-2] Request                                  : [34mUser: admin1 requested URL: /api/buses [GET][0m
2026-01-17T00:42:26.281+03:00  INFO 24420 --- [sysprogr] [http-nio-8080-exec-2] c.example.demo.controller.BusController  : Запрос на получение списка всех автобусов
2026-01-17T00:42:26.288+03:00  INFO 24420 --- [sysprogr] [http-nio-8080-exec-2] c.example.demo.controller.BusController  : Найдено автобусов: 6
2026-01-17T00:42:26.290+03:00  INFO 24420 --- [sysprogr] [http-nio-8080-exec-2] Response                                 : [34mUser: admin1 completed URL: /api/buses [GET] in 13 ms[0m
2026-01-17T00:42:26.306+03:00  INFO 24420 --- [sysprogr] [http-nio-8080-exec-3] Request                                  : [34mUser: admin1 requested URL: /api/sensors [GET][0m
2026-01-17T00:42:26.307+03:00  INFO 24420 --- [sysprogr] [http-nio-8080-exec-3] c.e.demo.controller.SensorController     : Запрос всех данных датчиков: page=0, size=20, type=null
2026-01-17T00:42:26.311+03:00  INFO 24420 --- [sysprogr] [http-nio-8080-exec-3] c.e.demo.controller.SensorController     : Получено записей датчиков: 13
2026-01-17T00:42:26.314+03:00  INFO 24420 --- [sysprogr] [http-nio-8080-exec-3] Response                                 : [34mUser: admin1 completed URL: /api/sensors [GET] in 8 ms[0m
2026-01-17T00:42:40.239+03:00  INFO 24420 --- [sysprogr] [http-nio-8080-exec-5] Request                                  : [34mUser: admin1 requested URL: /api/reports/anomalies [GET][0m
2026-01-17T00:42:40.243+03:00  WARN 24420 --- [sysprogr] [http-nio-8080-exec-5] .m.m.a.ExceptionHandlerExceptionResolver : Resolved [org.springframework.security.authorization.AuthorizationDeniedException: Access Denied]
2026-01-17T00:42:59.795+03:00  INFO 24420 --- [sysprogr] [http-nio-8080-exec-4] Request                                  : [34mUser: anonymousUser requested URL: /api/alerts [GET][0m
2026-01-17T00:42:59.795+03:00  INFO 24420 --- [sysprogr] [http-nio-8080-exec-4] c.e.demo.controller.AlertController      : Запрос списка аномалий датчиков
2026-01-17T00:42:59.802+03:00  INFO 24420 --- [sysprogr] [http-nio-8080-exec-4] c.e.demo.controller.AlertController      : Получено аномалий датчиков: 9
2026-01-17T00:42:59.804+03:00  INFO 24420 --- [sysprogr] [http-nio-8080-exec-4] Response                                 : [34mUser: anonymousUser completed URL: /api/alerts [GET] in 9 ms[0m
2026-01-17T00:43:07.263+03:00  INFO 24420 --- [sysprogr] [http-nio-8080-exec-6] Request                                  : [34mUser: admin1 requested URL: /api/reports/anomalies [GET][0m
2026-01-17T00:43:07.265+03:00  WARN 24420 --- [sysprogr] [http-nio-8080-exec-6] .m.m.a.ExceptionHandlerExceptionResolver : Resolved [org.springframework.security.authorization.AuthorizationDeniedException: Access Denied]
2026-01-17T00:47:11.361+03:00  INFO 24420 --- [sysprogr] [File Watcher] rtingClassPathChangeChangedEventListener : Restarting due to 1 class path change (0 additions, 0 deletions, 1 modification)
2026-01-17T00:47:11.363+03:00  INFO 24420 --- [sysprogr] [Thread-7] o.s.b.w.e.tomcat.GracefulShutdown        : Commencing graceful shutdown. Waiting for active requests to complete
2026-01-17T00:47:11.692+03:00  INFO 24420 --- [sysprogr] [tomcat-shutdown] o.s.b.w.e.tomcat.GracefulShutdown        : Graceful shutdown complete
2026-01-17T00:47:11.695+03:00  INFO 24420 --- [sysprogr] [Thread-7] j.LocalContainerEntityManagerFactoryBean : Closing JPA EntityManagerFactory for persistence unit 'default'
2026-01-17T00:47:11.695+03:00  INFO 24420 --- [sysprogr] [Thread-7] com.zaxxer.hikari.HikariDataSource       : HikariPool-2 - Shutdown initiated...
2026-01-17T00:47:11.699+03:00  INFO 24420 --- [sysprogr] [Thread-7] com.zaxxer.hikari.HikariDataSource       : HikariPool-2 - Shutdown completed.
2026-01-17T00:47:11.782+03:00  INFO 24420 --- [sysprogr] [restartedMain] com.example.demo.DemoApplication         : Starting DemoApplication v1.0.0 using Java 17.0.16 with PID 24420 (C:\Users\ramis\Desktop\1\учеба\sysprogr-main\target\classes started by ramis in C:\Users\ramis\Desktop\1\учеба\sysprogr-main)
2026-01-17T00:47:11.783+03:00  INFO 24420 --- [sysprogr] [restartedMain] com.example.demo.DemoApplication         : The following 1 profile is active: "dev"
2026-01-17T00:47:12.008+03:00  INFO 24420 --- [sysprogr] [restartedMain] .s.d.r.c.RepositoryConfigurationDelegate : Bootstrapping Spring Data JPA repositories in DEFAULT mode.
2026-01-17T00:47:12.045+03:00  INFO 24420 --- [sysprogr] [restartedMain] .s.d.r.c.RepositoryConfigurationDelegate : Finished Spring Data repository scanning in 34 ms. Found 7 JPA repository interfaces.
2026-01-17T00:47:12.128+03:00  INFO 24420 --- [sysprogr] [restartedMain] o.s.b.w.embedded.tomcat.TomcatWebServer  : Tomcat initialized with port 8080 (http)
2026-01-17T00:47:12.129+03:00  INFO 24420 --- [sysprogr] [restartedMain] o.apache.catalina.core.StandardService   : Starting service [Tomcat]
2026-01-17T00:47:12.129+03:00  INFO 24420 --- [sysprogr] [restartedMain] o.apache.catalina.core.StandardEngine    : Starting Servlet engine: [Apache Tomcat/10.1.48]
2026-01-17T00:47:12.163+03:00  INFO 24420 --- [sysprogr] [restartedMain] o.a.c.c.C.[Tomcat].[localhost].[/]       : Initializing Spring embedded WebApplicationContext
2026-01-17T00:47:12.163+03:00  INFO 24420 --- [sysprogr] [restartedMain] w.s.c.ServletWebServerApplicationContext : Root WebApplicationContext: initialization completed in 379 ms
2026-01-17T00:47:12.195+03:00  INFO 24420 --- [sysprogr] [restartedMain] o.hibernate.jpa.internal.util.LogHelper  : HHH000204: Processing PersistenceUnitInfo [name: default]
2026-01-17T00:47:12.199+03:00  INFO 24420 --- [sysprogr] [restartedMain] o.h.c.internal.RegionFactoryInitiator    : HHH000026: Second-level cache disabled
2026-01-17T00:47:12.207+03:00  INFO 24420 --- [sysprogr] [restartedMain] o.s.o.j.p.SpringPersistenceUnitInfo      : No LoadTimeWeaver setup: ignoring JPA class transformer
2026-01-17T00:47:12.208+03:00  INFO 24420 --- [sysprogr] [restartedMain] com.zaxxer.hikari.HikariDataSource       : HikariPool-3 - Starting...
2026-01-17T00:47:12.252+03:00  INFO 24420 --- [sysprogr] [restartedMain] com.zaxxer.hikari.pool.HikariPool        : HikariPool-3 - Added connection org.postgresql.jdbc.PgConnection@58969925
2026-01-17T00:47:12.253+03:00  INFO 24420 --- [sysprogr] [restartedMain] com.zaxxer.hikari.HikariDataSource       : HikariPool-3 - Start completed.
2026-01-17T00:47:12.262+03:00  WARN 24420 --- [sysprogr] [restartedMain] org.hibernate.orm.deprecation            : HHH90000025: PostgreSQLDialect does not need to be specified explicitly using 'hibernate.dialect' (remove the property setting and it will be selected by default)
2026-01-17T00:47:12.264+03:00  INFO 24420 --- [sysprogr] [restartedMain] org.hibernate.orm.connections.pooling    : HHH10001005: Database info:
	Database JDBC URL [Connecting through datasource 'HikariDataSource (HikariPool-3)']
	Database driver: undefined/unknown
	Database version: 14.20
	Autocommit mode: undefined/unknown
	Isolation level: undefined/unknown
	Minimum pool size: undefined/unknown
	Maximum pool size: undefined/unknown
2026-01-17T00:47:12.397+03:00  INFO 24420 --- [sysprogr] [restartedMain] o.h.e.t.j.p.i.JtaPlatformInitiator       : HHH000489: No JTA platform available (set 'hibernate.transaction.jta.platform' to enable JTA platform integration)
2026-01-17T00:47:12.500+03:00  INFO 24420 --- [sysprogr] [restartedMain] j.LocalContainerEntityManagerFactoryBean : Initialized JPA EntityManagerFactory for persistence unit 'default'
2026-01-17T00:47:12.607+03:00  INFO 24420 --- [sysprogr] [restartedMain] r$InitializeUserDetailsManagerConfigurer : Global AuthenticationManager configured with UserDetailsService bean with name userDetailsServiceImpl
2026-01-17T00:47:12.688+03:00  WARN 24420 --- [sysprogr] [restartedMain] JpaBaseConfiguration$JpaWebConfiguration : spring.jpa.open-in-view is enabled by default. Therefore, database queries may be performed during view rendering. Explicitly configure spring.jpa.open-in-view to disable this warning
2026-01-17T00:47:12.696+03:00  INFO 24420 --- [sysprogr] [restartedMain] o.s.b.a.w.s.WelcomePageHandlerMapping    : Adding welcome page: class path resource [static/index.html]
2026-01-17T00:47:12.840+03:00  INFO 24420 --- [sysprogr] [restartedMain] o.s.b.d.a.OptionalLiveReloadServer       : LiveReload server is running on port 35729
2026-01-17T00:47:12.847+03:00  INFO 24420 --- [sysprogr] [restartedMain] o.s.b.w.embedded.tomcat.TomcatWebServer  : Tomcat started on port 8080 (http) with context path '/'
2026-01-17T00:47:12.851+03:00  INFO 24420 --- [sysprogr] [restartedMain] com.example.demo.DemoApplication         : Started DemoApplication in 1.097 seconds (process running for 565.538)
2026-01-17T00:47:12.854+03:00  INFO 24420 --- [sysprogr] [restartedMain] .ConditionEvaluationDeltaLoggingListener : Condition evaluation unchanged
2026-01-17T00:47:16.881+03:00  INFO 24420 --- [sysprogr] [http-nio-8080-exec-1] o.a.c.c.C.[Tomcat].[localhost].[/]       : Initializing Spring DispatcherServlet 'dispatcherServlet'
2026-01-17T00:47:16.881+03:00  INFO 24420 --- [sysprogr] [http-nio-8080-exec-1] o.s.web.servlet.DispatcherServlet        : Initializing Servlet 'dispatcherServlet'
2026-01-17T00:47:16.882+03:00  INFO 24420 --- [sysprogr] [http-nio-8080-exec-1] o.s.web.servlet.DispatcherServlet        : Completed initialization in 0 ms
2026-01-17T00:47:16.884+03:00  INFO 24420 --- [sysprogr] [http-nio-8080-exec-1] Request                                  : [34mUser: anonymousUser requested URL: / [GET][0m
2026-01-17T00:47:16.884+03:00  INFO 24420 --- [sysprogr] [http-nio-8080-exec-1] Response                                 : [34mUser: anonymousUser completed URL: / [GET] in 0 ms[0m
2026-01-17T00:47:16.892+03:00  INFO 24420 --- [sysprogr] [http-nio-8080-exec-1] Request                                  : [34mUser: anonymousUser requested URL: /index.html [GET][0m
2026-01-17T00:47:16.895+03:00  INFO 24420 --- [sysprogr] [http-nio-8080-exec-1] Response                                 : [34mUser: anonymousUser completed URL: /index.html [GET] in 3 ms[0m
2026-01-17T00:47:18.021+03:00  INFO 24420 --- [sysprogr] [http-nio-8080-exec-8] Request                                  : [32mUser: anonymousUser requested URL: /api/auth/login [POST][0m
2026-01-17T00:47:18.026+03:00  INFO 24420 --- [sysprogr] [http-nio-8080-exec-8] c.e.d.c.AuthenticationController         : Попытка входа пользователя username=admin1
2026-01-17T00:47:18.161+03:00  INFO 24420 --- [sysprogr] [http-nio-8080-exec-8] AuthenticationSuccessEvent               : [35mUser [admin1] logged successfully[0m
2026-01-17T00:47:18.200+03:00  INFO 24420 --- [sysprogr] [http-nio-8080-exec-8] c.e.d.c.AuthenticationController         : Успешный вход пользователя username=admin1, roles=ADMIN
2026-01-17T00:47:18.203+03:00  INFO 24420 --- [sysprogr] [http-nio-8080-exec-8] Response                                 : [32mUser: admin1 completed URL: /api/auth/login [POST] in 182 ms[0m
2026-01-17T00:47:18.248+03:00  INFO 24420 --- [sysprogr] [http-nio-8080-exec-9] Request                                  : [34mUser: admin1 requested URL: /api/auth/info [GET][0m
2026-01-17T00:47:18.250+03:00  INFO 24420 --- [sysprogr] [http-nio-8080-exec-9] c.e.d.c.AuthenticationController         : Запрос информации о текущем пользователе
2026-01-17T00:47:18.258+03:00  INFO 24420 --- [sysprogr] [http-nio-8080-exec-9] c.e.d.c.AuthenticationController         : Информация о пользователе получена: username=admin1, role=ADMIN
2026-01-17T00:47:18.262+03:00  INFO 24420 --- [sysprogr] [http-nio-8080-exec-9] Response                                 : [34mUser: admin1 completed URL: /api/auth/info [GET] in 14 ms[0m
2026-01-17T00:47:18.274+03:00  INFO 24420 --- [sysprogr] [http-nio-8080-exec-10] Request                                  : [34mUser: admin1 requested URL: /api/buses [GET][0m
2026-01-17T00:47:18.275+03:00  INFO 24420 --- [sysprogr] [http-nio-8080-exec-10] c.example.demo.controller.BusController  : Запрос на получение списка всех автобусов
2026-01-17T00:47:18.280+03:00  INFO 24420 --- [sysprogr] [http-nio-8080-exec-10] c.example.demo.controller.BusController  : Найдено автобусов: 6
2026-01-17T00:47:18.282+03:00  INFO 24420 --- [sysprogr] [http-nio-8080-exec-10] Response                                 : [34mUser: admin1 completed URL: /api/buses [GET] in 8 ms[0m
2026-01-17T00:47:18.296+03:00  INFO 24420 --- [sysprogr] [http-nio-8080-exec-1] Request                                  : [34mUser: admin1 requested URL: /api/sensors [GET][0m
2026-01-17T00:47:18.299+03:00  INFO 24420 --- [sysprogr] [http-nio-8080-exec-1] c.e.demo.controller.SensorController     : Запрос всех данных датчиков: page=0, size=20, type=null
2026-01-17T00:47:18.305+03:00  INFO 24420 --- [sysprogr] [http-nio-8080-exec-1] c.e.demo.controller.SensorController     : Получено записей датчиков: 13
2026-01-17T00:47:18.309+03:00  INFO 24420 --- [sysprogr] [http-nio-8080-exec-1] Response                                 : [34mUser: admin1 completed URL: /api/sensors [GET] in 13 ms[0m
2026-01-17T00:47:18.322+03:00  INFO 24420 --- [sysprogr] [http-nio-8080-exec-2] Request                                  : [34mUser: admin1 requested URL: /api/buses [GET][0m
2026-01-17T00:47:18.324+03:00  INFO 24420 --- [sysprogr] [http-nio-8080-exec-2] c.example.demo.controller.BusController  : Запрос на получение списка всех автобусов
2026-01-17T00:47:18.329+03:00  INFO 24420 --- [sysprogr] [http-nio-8080-exec-2] c.example.demo.controller.BusController  : Найдено автобусов: 6
2026-01-17T00:47:18.331+03:00  INFO 24420 --- [sysprogr] [http-nio-8080-exec-2] Response                                 : [34mUser: admin1 completed URL: /api/buses [GET] in 9 ms[0m
2026-01-17T00:47:18.345+03:00  INFO 24420 --- [sysprogr] [http-nio-8080-exec-3] Request                                  : [34mUser: admin1 requested URL: /api/sensors [GET][0m
2026-01-17T00:47:18.347+03:00  INFO 24420 --- [sysprogr] [http-nio-8080-exec-3] c.e.demo.controller.SensorController     : Запрос всех данных датчиков: page=0, size=20, type=null
2026-01-17T00:47:18.351+03:00  INFO 24420 --- [sysprogr] [http-nio-8080-exec-3] c.e.demo.controller.SensorController     : Получено записей датчиков: 13
2026-01-17T00:47:18.355+03:00  INFO 24420 --- [sysprogr] [http-nio-8080-exec-3] Response                                 : [34mUser: admin1 completed URL: /api/sensors [GET] in 10 ms[0m
2026-01-17T00:47:27.201+03:00  INFO 24420 --- [sysprogr] [http-nio-8080-exec-5] Request                                  : [34mUser: admin1 requested URL: /api/reports/anomalies [GET][0m
2026-01-17T00:47:27.203+03:00  INFO 24420 --- [sysprogr] [http-nio-8080-exec-5] c.e.demo.controller.ReportController     : Формирование отчёта по аномалиям: from=2025-12-31T21:47:00.000Z, to=2026-01-30T21:47:00.000Z
2026-01-17T00:47:27.224+03:00  INFO 24420 --- [sysprogr] [http-nio-8080-exec-5] c.e.demo.controller.ReportController     : Отчёт по аномалиям сформирован, записей: 3
2026-01-17T00:47:27.226+03:00  INFO 24420 --- [sysprogr] [http-nio-8080-exec-5] Response                                 : [34mUser: admin1 completed URL: /api/reports/anomalies [GET] in 25 ms[0m
